// Jest Snapshot v1, https://goo.gl/fbAQLP

exports[`Blackbox Test Convert Coverage to CSV jest-coverage-to-csv examples/coverage/coverage-summary.json examples/coverage/coverage-summary.csv | it converts the json file 1`] = `
"Filename, % Statements, Statements, % Branches, Branches, % Functions, Functions, % Lines, Lines
All Files, 100, 2/2, 80, 4/5, 100, 6/6, 100, 6/6
examples/number.js, 100, 6/6, 80, 4/5, 100, 2/2, 100, 6/6
"
`;

exports[`Blackbox Test Convert Coverage to CSV jest-coverage-to-csv examples/coverage/coverage-summary.json examples/coverage/coverage-summary.csv -f p | it converts the json file with option -f p 1`] = `
"Filename, % Statements, % Branches, % Functions, % Lines
All Files, 100, 80, 100, 100
examples/number.js, 100, 80, 100, 100
"
`;

exports[`Blackbox Test Convert Coverage to CSV jest-coverage-to-csv examples/coverage/coverage-summary.json examples/coverage/coverage-summary.csv -f psl | it converts the json file with option -f psl 1`] = `
"Filename, % Statements, % Lines
All Files, 100, 100
examples/number.js, 100, 100
"
`;

exports[`Blackbox Test jest-coverage-to-csv --help 1`] = `
"$ node ./lib/index.js --help
Convert jest coverage report from coverage-summary to csv
Usage: jest-coverage-to-csv [source] [target] [options]

Source  :  Source path for the coverage-summary json input  [string] [default: \\"./coverage/coverage-summary.json\\"]
Target  :  Target path for the coverage-summary csv output  [string] [default: \\"./coverage/coverage-summary.csv\\"]

Options:
  -f, --filter   Show only specified column. Available filters: p percentages | s statements | b branches | f functions | l lines  [string] [default: \\"\\"]
  -h, --help     Show help  [boolean]
  -v, --version  Show version number  [boolean]

Examples:
  jest-coverage-to-csv
  jest-coverage-to-csv coverage/coverage-summary.json coverage/coverage-summary.csv
  yarn test --coverage --coverageReporters=json-summary && jest-coverage-to-csv
"
`;
